gplink-2.2.37 (Jan 22 2024)
Map File - Created 2025-3-18  18:16:52
 
                                 Section Info
                  Section       Type    Address   Location Size(Bytes)
                ---------  ---------  ---------  ---------  ---------
                  STARTUP       code   00000000    program   0x000002
              c_interrupt       code   0x000008    program   0x0001b0
           code_MC32F7361       code   0x0000e0    program   0x000928
           ID_MC32F7361_0       code   0x000574    program   0x000148
           ID_MC32F7361_1       code   0x000618    program   0x0000aa
                    .code       code   0x00066d    program   0x00005c
            code__mulchar       code   0x00069b    program   0x00002e
                sharebank      udata   00000000       data   0x000007
          UDL_MC32F7361_0      udata   0x000007       data   0x000031
           UD_MC32F7361_1      udata   0x000038       data   0x000005
           UDL__mulchar_0      udata   0x00003d       data   0x000005
           UD_MC32F7361_0      udata   0x000042       data   0x000001
           UD_MC32F7361_2      udata   0x000043       data   0x000001
           UD_MC32F7361_3      udata   0x000044       data   0x000001
           UD_MC32F7361_4      udata   0x000045       data   0x000001
           UD_MC32F7361_5      udata   0x000046       data   0x000001
           UD_MC32F7361_6      udata   0x000047       data   0x000001
           UD_MC32F7361_7      udata   0x000048       data   0x000001
     UD_abs_mc32f7361_180      udata   0x000180       data   0x000001
     UD_abs_mc32f7361_181      udata   0x000181       data   0x000001
     UD_abs_mc32f7361_182      udata   0x000182       data   0x000001
     UD_abs_mc32f7361_183      udata   0x000183       data   0x000001
     UD_abs_mc32f7361_184      udata   0x000184       data   0x000001
     UD_abs_mc32f7361_185      udata   0x000185       data   0x000001
     UD_abs_mc32f7361_186      udata   0x000186       data   0x000001
     UD_abs_mc32f7361_187      udata   0x000187       data   0x000001
     UD_abs_mc32f7361_188      udata   0x000188       data   0x000001
     UD_abs_mc32f7361_189      udata   0x000189       data   0x000001
     UD_abs_mc32f7361_18a      udata   0x00018a       data   0x000001
     UD_abs_mc32f7361_18b      udata   0x00018b       data   0x000001
     UD_abs_mc32f7361_18c      udata   0x00018c       data   0x000001
     UD_abs_mc32f7361_18d      udata   0x00018d       data   0x000001
     UD_abs_mc32f7361_18e      udata   0x00018e       data   0x000001
     UD_abs_mc32f7361_18f      udata   0x00018f       data   0x000001
     UD_abs_mc32f7361_190      udata   0x000190       data   0x000001
     UD_abs_mc32f7361_191      udata   0x000191       data   0x000001
     UD_abs_mc32f7361_192      udata   0x000192       data   0x000001
     UD_abs_mc32f7361_193      udata   0x000193       data   0x000001
     UD_abs_mc32f7361_194      udata   0x000194       data   0x000001
     UD_abs_mc32f7361_195      udata   0x000195       data   0x000001
     UD_abs_mc32f7361_196      udata   0x000196       data   0x000001
     UD_abs_mc32f7361_197      udata   0x000197       data   0x000001
     UD_abs_mc32f7361_198      udata   0x000198       data   0x000001
     UD_abs_mc32f7361_199      udata   0x000199       data   0x000001
     UD_abs_mc32f7361_19a      udata   0x00019a       data   0x000001
     UD_abs_mc32f7361_19b      udata   0x00019b       data   0x000001
     UD_abs_mc32f7361_19c      udata   0x00019c       data   0x000001
     UD_abs_mc32f7361_19d      udata   0x00019d       data   0x000001
     UD_abs_mc32f7361_19e      udata   0x00019e       data   0x000001
     UD_abs_mc32f7361_19f      udata   0x00019f       data   0x000001
     UD_abs_mc32f7361_1a0      udata   0x0001a0       data   0x000001
     UD_abs_mc32f7361_1a1      udata   0x0001a1       data   0x000001
     UD_abs_mc32f7361_1a2      udata   0x0001a2       data   0x000001
     UD_abs_mc32f7361_1a3      udata   0x0001a3       data   0x000001
     UD_abs_mc32f7361_1a4      udata   0x0001a4       data   0x000001
     UD_abs_mc32f7361_1a5      udata   0x0001a5       data   0x000001
     UD_abs_mc32f7361_1a6      udata   0x0001a6       data   0x000001
     UD_abs_mc32f7361_1a8      udata   0x0001a8       data   0x000001
     UD_abs_mc32f7361_1a9      udata   0x0001a9       data   0x000001
     UD_abs_mc32f7361_1aa      udata   0x0001aa       data   0x000001
     UD_abs_mc32f7361_1ac      udata   0x0001ac       data   0x000001
     UD_abs_mc32f7361_1ad      udata   0x0001ad       data   0x000001
     UD_abs_mc32f7361_1ae      udata   0x0001ae       data   0x000001
     UD_abs_mc32f7361_1af      udata   0x0001af       data   0x000001
     UD_abs_mc32f7361_1b0      udata   0x0001b0       data   0x000001
     UD_abs_mc32f7361_1b1      udata   0x0001b1       data   0x000001
     UD_abs_mc32f7361_1b2      udata   0x0001b2       data   0x000001
     UD_abs_mc32f7361_1b3      udata   0x0001b3       data   0x000001
     UD_abs_mc32f7361_1b4      udata   0x0001b4       data   0x000001
     UD_abs_mc32f7361_1b5      udata   0x0001b5       data   0x000001
     UD_abs_mc32f7361_1b6      udata   0x0001b6       data   0x000001
     UD_abs_mc32f7361_1b7      udata   0x0001b7       data   0x000001
     UD_abs_mc32f7361_1b8      udata   0x0001b8       data   0x000001
     UD_abs_mc32f7361_1b9      udata   0x0001b9       data   0x000001
     UD_abs_mc32f7361_1ba      udata   0x0001ba       data   0x000001
     UD_abs_mc32f7361_1bb      udata   0x0001bb       data   0x000001
     UD_abs_mc32f7361_1bc      udata   0x0001bc       data   0x000001
     UD_abs_mc32f7361_1bd      udata   0x0001bd       data   0x000001
     UD_abs_mc32f7361_1be      udata   0x0001be       data   0x000001
     UD_abs_mc32f7361_1c0      udata   0x0001c0       data   0x000001
     UD_abs_mc32f7361_1c1      udata   0x0001c1       data   0x000001
     UD_abs_mc32f7361_1c3      udata   0x0001c3       data   0x000001
     UD_abs_mc32f7361_1c4      udata   0x0001c4       data   0x000001
     UD_abs_mc32f7361_1c5      udata   0x0001c5       data   0x000001
     UD_abs_mc32f7361_1c6      udata   0x0001c6       data   0x000001
     UD_abs_mc32f7361_1c7      udata   0x0001c7       data   0x000001
     UD_abs_mc32f7361_1f5      udata   0x0001f5       data   0x000001
     UD_abs_mc32f7361_1f6      udata   0x0001f6       data   0x000001
     UD_abs_mc32f7361_1fc      udata   0x0001fc       data   0x000001
 
                              Program Memory Usage
                               Start         End
                           ---------   ---------
                            0x000574    0x000617
                            0x000618    0x00066c
                            00000000    00000000
                            0x000008    0x0000df
                            0x0000e0    0x000573
                            0x00066d    0x00069a
                            0x00069b    0x0006b1
 
                            1707 program addresses used
 
                              Symbols
                     Name    Address   Location    Storage File
                ---------  ---------  ---------  --------- ---------
                    STK06   00000000       data     extern MC32F7361.asm
                    STK05   0x000001       data     extern MC32F7361.asm
                    STK04   0x000002       data     extern MC32F7361.asm
                    STK03   0x000003       data     extern MC32F7361.asm
                    STK02   0x000004       data     extern MC32F7361.asm
                    STK01   0x000005       data     extern MC32F7361.asm
                    STK00   0x000006       data     extern MC32F7361.asm
     _flag_is_press_speed   0x000042       data     extern MC32F7361.asm
          _auto_mode_info   0x000038       data     extern MC32F7361.asm
          _cur_led_status   0x000043       data     extern MC32F7361.asm
         _cur_r3c4_status   0x000044       data     extern MC32F7361.asm
                    _abuf   0x000045       data     extern MC32F7361.asm
               _statusbuf   0x000046       data     extern MC32F7361.asm
                   _flag1   0x000047       data     extern MC32F7361.asm
                 _ir_data   0x000048       data     extern MC32F7361.asm
                  r0x1016   0x000007       data     static MC32F7361.asm
                  r0x1015   0x000008       data     static MC32F7361.asm
                  r0x1017   0x000009       data     static MC32F7361.asm
                  r0x1018   0x00000a       data     static MC32F7361.asm
                  r0x1019   0x00000b       data     static MC32F7361.asm
                  r0x101A   0x00000c       data     static MC32F7361.asm
                  r0x1039   0x00000d       data     static MC32F7361.asm
                  r0x103A   0x00000e       data     static MC32F7361.asm
                  r0x102A   0x00000f       data     static MC32F7361.asm
                  r0x102B   0x000010       data     static MC32F7361.asm
                  r0x1035   0x000011       data     static MC32F7361.asm
                  r0x1036   0x000012       data     static MC32F7361.asm
                  r0x1038   0x000013       data     static MC32F7361.asm
                  r0x1037   0x000014       data     static MC32F7361.asm
                  r0x102D   0x000015       data     static MC32F7361.asm
                  r0x1030   0x000016       data     static MC32F7361.asm
                  r0x102F   0x000017       data     static MC32F7361.asm
                  r0x102E   0x000018       data     static MC32F7361.asm
                  r0x1031   0x000019       data     static MC32F7361.asm
                  r0x1032   0x00001a       data     static MC32F7361.asm
                  r0x1034   0x00001b       data     static MC32F7361.asm
                  r0x1033   0x00001c       data     static MC32F7361.asm
                  r0x101C   0x00001d       data     static MC32F7361.asm
                  r0x101B   0x00001e       data     static MC32F7361.asm
                  r0x101D   0x00001f       data     static MC32F7361.asm
                  r0x101E   0x000020       data     static MC32F7361.asm
                  r0x1020   0x000021       data     static MC32F7361.asm
                  r0x101F   0x000022       data     static MC32F7361.asm
                  r0x1021   0x000023       data     static MC32F7361.asm
                  r0x1022   0x000024       data     static MC32F7361.asm
                  r0x1023   0x000025       data     static MC32F7361.asm
                  r0x1024   0x000026       data     static MC32F7361.asm
                  r0x1025   0x000027       data     static MC32F7361.asm
                  r0x1026   0x000028       data     static MC32F7361.asm
                  r0x1027   0x000029       data     static MC32F7361.asm
                  r0x1028   0x00002a       data     static MC32F7361.asm
                  r0x103B   0x00002b       data     static MC32F7361.asm
                  r0x103C   0x00002c       data     static MC32F7361.asm
      _main_tmp_262144_57   0x00002d       data     static MC32F7361.asm
_int_isr_ir_level_cnt_196608_128   0x00002f       data     static MC32F7361.asm
_int_isr_ir_fliter_196608_128   0x000031       data     static MC32F7361.asm
_int_isr___ir_data_196608_128   0x000032       data     static MC32F7361.asm
_int_isr_ir_long_press_cnt_196608_128   0x000033       data     static MC32F7361.asm
_int_isr_cnt_100us_196608_144   0x000035       data     static MC32F7361.asm
_int_isr_auto_period_cnt_327680_146   0x000036       data     static MC32F7361.asm
   _table_auto_in_submode   0x000574    program     extern MC32F7361.asm
             _table_irkey   0x000618    program     extern MC32F7361.asm
         __sdcc_interrupt   0x000008    program     static MC32F7361.asm
                 _int_isr   0x000008    program     extern MC32F7361.asm
               _00827_DS_   0x000023    program     static MC32F7361.asm
               _00831_DS_   0x00002b    program     static MC32F7361.asm
               _00832_DS_   0x000030    program     static MC32F7361.asm
               _00974_DS_   0x000039    program     static MC32F7361.asm
               _00836_DS_   0x000045    program     static MC32F7361.asm
               _00861_DS_   0x000047    program     static MC32F7361.asm
               _00975_DS_   0x00004f    program     static MC32F7361.asm
               _00976_DS_   0x000057    program     static MC32F7361.asm
               _00853_DS_   0x00005f    program     static MC32F7361.asm
               _00977_DS_   0x000065    program     static MC32F7361.asm
               _00850_DS_   0x00006e    program     static MC32F7361.asm
               _00978_DS_   0x000074    program     static MC32F7361.asm
               _00979_DS_   0x00007c    program     static MC32F7361.asm
               _00844_DS_   0x000088    program     static MC32F7361.asm
               _00980_DS_   0x00008e    program     static MC32F7361.asm
               _00857_DS_   0x000093    program     static MC32F7361.asm
               _00859_DS_   0x000095    program     static MC32F7361.asm
               _00862_DS_   0x000096    program     static MC32F7361.asm
               _00864_DS_   0x0000a4    program     static MC32F7361.asm
               _00869_DS_   0x0000a6    program     static MC32F7361.asm
               _00871_DS_   0x0000d1    program     static MC32F7361.asm
               _00879_DS_   0x0000db    program     static MC32F7361.asm
         END_OF_INTERRUPT   0x0000df    program     static MC32F7361.asm
                    _main   0x0000e0    program     extern MC32F7361.asm
               _00426_DS_   0x0000e8    program     static MC32F7361.asm
               _00277_DS_   0x000114    program     static MC32F7361.asm
               _00787_DS_   0x000119    program     static MC32F7361.asm
               _00271_DS_   0x000120    program     static MC32F7361.asm
               _00253_DS_   0x00012e    program     static MC32F7361.asm
               _00250_DS_   0x000138    program     static MC32F7361.asm
               _00254_DS_   0x000140    program     static MC32F7361.asm
               _00268_DS_   0x000149    program     static MC32F7361.asm
               _00788_DS_   0x00014e    program     static MC32F7361.asm
               _00256_DS_   0x00015a    program     static MC32F7361.asm
               _00445_DS_   0x00015c    program     static MC32F7361.asm
               _00428_DS_   0x00015d    program     static MC32F7361.asm
               _00789_DS_   0x0001c0    program     static MC32F7361.asm
               _00790_DS_   0x0001d0    program     static MC32F7361.asm
               _00429_DS_   0x0001f3    program     static MC32F7361.asm
               _00278_DS_   0x0001f8    program     static MC32F7361.asm
               _00280_DS_   0x0001fa    program     static MC32F7361.asm
               _00288_DS_   0x000210    program     static MC32F7361.asm
               _00285_DS_   0x000219    program     static MC32F7361.asm
               _00282_DS_   0x000222    program     static MC32F7361.asm
               _00289_DS_   0x000224    program     static MC32F7361.asm
               _00291_DS_   0x00023b    program     static MC32F7361.asm
               _00293_DS_   0x000242    program     static MC32F7361.asm
               _00295_DS_   0x000254    program     static MC32F7361.asm
               _00296_DS_   0x000255    program     static MC32F7361.asm
               _00304_DS_   0x000264    program     static MC32F7361.asm
               _00301_DS_   0x00026f    program     static MC32F7361.asm
               _00298_DS_   0x00027a    program     static MC32F7361.asm
               _00363_DS_   0x00027f    program     static MC32F7361.asm
               _00794_DS_   0x000284    program     static MC32F7361.asm
               _00795_DS_   0x000289    program     static MC32F7361.asm
               _00796_DS_   0x00028e    program     static MC32F7361.asm
               _00797_DS_   0x000293    program     static MC32F7361.asm
               _00798_DS_   0x000298    program     static MC32F7361.asm
               _00799_DS_   0x00029d    program     static MC32F7361.asm
               _00353_DS_   0x0002a1    program     static MC32F7361.asm
               _00354_DS_   0x0002a5    program     static MC32F7361.asm
               _00352_DS_   0x0002ad    program     static MC32F7361.asm
               _00347_DS_   0x0002b5    program     static MC32F7361.asm
               _00313_DS_   0x0002bf    program     static MC32F7361.asm
               _00310_DS_   0x0002ca    program     static MC32F7361.asm
               _00307_DS_   0x0002d5    program     static MC32F7361.asm
               _00348_DS_   0x0002da    program     static MC32F7361.asm
               _00344_DS_   0x0002e2    program     static MC32F7361.asm
               _00346_DS_   0x0002ea    program     static MC32F7361.asm
               _00339_DS_   0x0002f2    program     static MC32F7361.asm
               _00340_DS_   0x0002f7    program     static MC32F7361.asm
               _00322_DS_   0x00030a    program     static MC32F7361.asm
               _00319_DS_   0x000315    program     static MC32F7361.asm
               _00316_DS_   0x000320    program     static MC32F7361.asm
               _00336_DS_   0x000325    program     static MC32F7361.asm
               _00331_DS_   0x000334    program     static MC32F7361.asm
               _00328_DS_   0x00033f    program     static MC32F7361.asm
               _00325_DS_   0x00034a    program     static MC32F7361.asm
               _00364_DS_   0x00034e    program     static MC32F7361.asm
               _00366_DS_   0x000350    program     static MC32F7361.asm
               _00374_DS_   0x00039a    program     static MC32F7361.asm
               _00371_DS_   0x0003a3    program     static MC32F7361.asm
               _00368_DS_   0x0003ac    program     static MC32F7361.asm
               _00417_DS_   0x0003af    program     static MC32F7361.asm
               _00413_DS_   0x0003bb    program     static MC32F7361.asm
               _00415_DS_   0x0003c7    program     static MC32F7361.asm
               _00408_DS_   0x0003d3    program     static MC32F7361.asm
               _00383_DS_   0x0003dc    program     static MC32F7361.asm
               _00380_DS_   0x0003e5    program     static MC32F7361.asm
               _00377_DS_   0x0003ee    program     static MC32F7361.asm
               _00409_DS_   0x0003f0    program     static MC32F7361.asm
               _00391_DS_   0x000404    program     static MC32F7361.asm
               _00388_DS_   0x00040d    program     static MC32F7361.asm
               _00405_DS_   0x000416    program     static MC32F7361.asm
               _00400_DS_   0x000425    program     static MC32F7361.asm
               _00397_DS_   0x00042e    program     static MC32F7361.asm
               _00821_DS_   0x000435    program     static MC32F7361.asm
               _00418_DS_   0x000436    program     static MC32F7361.asm
               _00420_DS_   0x000446    program     static MC32F7361.asm
                _Sys_Init   0x00044a    program     extern MC32F7361.asm
         _TIMER3_INT_Init   0x000451    program     extern MC32F7361.asm
         _TIMER2_INT_Init   0x000457    program     extern MC32F7361.asm
                 _IO_Init   0x000460    program     extern MC32F7361.asm
                 _CLR_RAM   0x000475    program     extern MC32F7361.asm
               _00226_DS_   0x000476    program     static MC32F7361.asm
               _00224_DS_   0x00047d    program     static MC32F7361.asm
_send_cmd_16bit_without_delay   0x000481    program     extern MC32F7361.asm
               _00203_DS_   0x000487    program     static MC32F7361.asm
               _00197_DS_   0x000488    program     static MC32F7361.asm
               _00218_DS_   0x000496    program     static MC32F7361.asm
               _00219_DS_   0x00049b    program     static MC32F7361.asm
               _00194_DS_   0x0004a2    program     static MC32F7361.asm
               _00198_DS_   0x0004a3    program     static MC32F7361.asm
               _00199_DS_   0x0004ab    program     static MC32F7361.asm
          _send_cmd_16bit   0x0004ac    program     extern MC32F7361.asm
               _00170_DS_   0x0004b2    program     static MC32F7361.asm
               _00164_DS_   0x0004b3    program     static MC32F7361.asm
               _00185_DS_   0x0004c1    program     static MC32F7361.asm
               _00186_DS_   0x0004c6    program     static MC32F7361.asm
               _00161_DS_   0x0004cd    program     static MC32F7361.asm
               _00165_DS_   0x0004ce    program     static MC32F7361.asm
               _00166_DS_   0x0004da    program     static MC32F7361.asm
       _EEPROM_Write_Data   0x0004db    program     extern MC32F7361.asm
               _00150_DS_   0x0004e4    program     static MC32F7361.asm
               _00153_DS_   0x000502    program     static MC32F7361.asm
        _EEPROM_Read_Byte   0x000503    program     extern MC32F7361.asm
               _00145_DS_   0x000508    program     static MC32F7361.asm
       _EEPROM_Write_Byte   0x00051a    program     extern MC32F7361.asm
               _00140_DS_   0x00052d    program     static MC32F7361.asm
             _delay_1_4ms   0x000531    program     extern MC32F7361.asm
               _00135_DS_   0x000533    program     static MC32F7361.asm
             _delay_200us   0x00053c    program     extern MC32F7361.asm
               _00124_DS_   0x00053e    program     static MC32F7361.asm
               _00127_DS_   0x000547    program     static MC32F7361.asm
             _delay_100us   0x000548    program     extern MC32F7361.asm
               _00116_DS_   0x00054a    program     static MC32F7361.asm
               _00119_DS_   0x000553    program     static MC32F7361.asm
                _delay_ms   0x000554    program     extern MC32F7361.asm
               _00108_DS_   0x000557    program     static MC32F7361.asm
               _00105_DS_   0x00055f    program     static MC32F7361.asm
               _00107_DS_   0x00056d    program     static MC32F7361.asm
               _00111_DS_   0x000573    program     static MC32F7361.asm
               _INDF0bits   0x000180       data     extern mc32f7361.asm
                   _INDF0   0x000180       data     extern mc32f7361.asm
               _INDF1bits   0x000181       data     extern mc32f7361.asm
                   _INDF1   0x000181       data     extern mc32f7361.asm
               _INDF2bits   0x000182       data     extern mc32f7361.asm
                   _INDF2   0x000182       data     extern mc32f7361.asm
              _HIBYTEbits   0x000183       data     extern mc32f7361.asm
                  _HIBYTE   0x000183       data     extern mc32f7361.asm
                _FSR0bits   0x000184       data     extern mc32f7361.asm
                    _FSR0   0x000184       data     extern mc32f7361.asm
                _FSR1bits   0x000185       data     extern mc32f7361.asm
                    _FSR1   0x000185       data     extern mc32f7361.asm
                 _PCLbits   0x000186       data     extern mc32f7361.asm
                     _PCL   0x000186       data     extern mc32f7361.asm
               _PFLAGbits   0x000187       data     extern mc32f7361.asm
                   _PFLAG   0x000187       data     extern mc32f7361.asm
                 _MCRbits   0x000188       data     extern mc32f7361.asm
                     _MCR   0x000188       data     extern mc32f7361.asm
               _INDF3bits   0x000189       data     extern mc32f7361.asm
                   _INDF3   0x000189       data     extern mc32f7361.asm
                _INTEbits   0x00018a       data     extern mc32f7361.asm
                    _INTE   0x00018a       data     extern mc32f7361.asm
                _INTFbits   0x00018b       data     extern mc32f7361.asm
                    _INTF   0x00018b       data     extern mc32f7361.asm
               _DRVCRbits   0x00018c       data     extern mc32f7361.asm
                   _DRVCR   0x00018c       data     extern mc32f7361.asm
              _P0KBCRbits   0x00018d       data     extern mc32f7361.asm
                  _P0KBCR   0x00018d       data     extern mc32f7361.asm
              _P1KBCRbits   0x00018e       data     extern mc32f7361.asm
                  _P1KBCR   0x00018e       data     extern mc32f7361.asm
              _P2KBCRbits   0x00018f       data     extern mc32f7361.asm
                  _P2KBCR   0x00018f       data     extern mc32f7361.asm
                _IOP0bits   0x000190       data     extern mc32f7361.asm
                    _IOP0   0x000190       data     extern mc32f7361.asm
                _OEP0bits   0x000191       data     extern mc32f7361.asm
                    _OEP0   0x000191       data     extern mc32f7361.asm
                _PUP0bits   0x000192       data     extern mc32f7361.asm
                    _PUP0   0x000192       data     extern mc32f7361.asm
                _PDP0bits   0x000193       data     extern mc32f7361.asm
                    _PDP0   0x000193       data     extern mc32f7361.asm
                _IOP1bits   0x000194       data     extern mc32f7361.asm
                    _IOP1   0x000194       data     extern mc32f7361.asm
                _OEP1bits   0x000195       data     extern mc32f7361.asm
                    _OEP1   0x000195       data     extern mc32f7361.asm
                _PUP1bits   0x000196       data     extern mc32f7361.asm
                    _PUP1   0x000196       data     extern mc32f7361.asm
                _PDP1bits   0x000197       data     extern mc32f7361.asm
                    _PDP1   0x000197       data     extern mc32f7361.asm
                _T0CRbits   0x000198       data     extern mc32f7361.asm
                    _T0CR   0x000198       data     extern mc32f7361.asm
               _T0CNTbits   0x000199       data     extern mc32f7361.asm
                   _T0CNT   0x000199       data     extern mc32f7361.asm
              _T0LOADbits   0x00019a       data     extern mc32f7361.asm
                  _T0LOAD   0x00019a       data     extern mc32f7361.asm
              _T0DATAbits   0x00019b       data     extern mc32f7361.asm
                  _T0DATA   0x00019b       data     extern mc32f7361.asm
                _T1CRbits   0x00019c       data     extern mc32f7361.asm
                    _T1CR   0x00019c       data     extern mc32f7361.asm
               _T1CNTbits   0x00019d       data     extern mc32f7361.asm
                   _T1CNT   0x00019d       data     extern mc32f7361.asm
              _T1LOADbits   0x00019e       data     extern mc32f7361.asm
                  _T1LOAD   0x00019e       data     extern mc32f7361.asm
              _T1DATAbits   0x00019f       data     extern mc32f7361.asm
                  _T1DATA   0x00019f       data     extern mc32f7361.asm
                _T2CRbits   0x0001a0       data     extern mc32f7361.asm
                    _T2CR   0x0001a0       data     extern mc32f7361.asm
               _T2CNTbits   0x0001a1       data     extern mc32f7361.asm
                   _T2CNT   0x0001a1       data     extern mc32f7361.asm
              _T2LOADbits   0x0001a2       data     extern mc32f7361.asm
                  _T2LOAD   0x0001a2       data     extern mc32f7361.asm
              _T2DATAbits   0x0001a3       data     extern mc32f7361.asm
                  _T2DATA   0x0001a3       data     extern mc32f7361.asm
                _T3CRbits   0x0001a4       data     extern mc32f7361.asm
                    _T3CR   0x0001a4       data     extern mc32f7361.asm
               _T3CNTbits   0x0001a5       data     extern mc32f7361.asm
                   _T3CNT   0x0001a5       data     extern mc32f7361.asm
              _T3LOADbits   0x0001a6       data     extern mc32f7361.asm
                  _T3LOAD   0x0001a6       data     extern mc32f7361.asm
              _PWM0DRbits   0x0001a8       data     extern mc32f7361.asm
                  _PWM0DR   0x0001a8       data     extern mc32f7361.asm
              _PWM1DRbits   0x0001a9       data     extern mc32f7361.asm
                  _PWM1DR   0x0001a9       data     extern mc32f7361.asm
              _PWM2DRbits   0x0001aa       data     extern mc32f7361.asm
                  _PWM2DR   0x0001aa       data     extern mc32f7361.asm
              _PWMCR0bits   0x0001ac       data     extern mc32f7361.asm
                  _PWMCR0   0x0001ac       data     extern mc32f7361.asm
              _PWMCR1bits   0x0001ad       data     extern mc32f7361.asm
                  _PWMCR1   0x0001ad       data     extern mc32f7361.asm
               _OSCMRbits   0x0001ae       data     extern mc32f7361.asm
                   _OSCMR   0x0001ae       data     extern mc32f7361.asm
               _LVDCRbits   0x0001af       data     extern mc32f7361.asm
                   _LVDCR   0x0001af       data     extern mc32f7361.asm
               _ADCR0bits   0x0001b0       data     extern mc32f7361.asm
                   _ADCR0   0x0001b0       data     extern mc32f7361.asm
               _ADCR1bits   0x0001b1       data     extern mc32f7361.asm
                   _ADCR1   0x0001b1       data     extern mc32f7361.asm
               _ADCR2bits   0x0001b2       data     extern mc32f7361.asm
                   _ADCR2   0x0001b2       data     extern mc32f7361.asm
             _OSADJCRbits   0x0001b3       data     extern mc32f7361.asm
                 _OSADJCR   0x0001b3       data     extern mc32f7361.asm
                _ADRHbits   0x0001b4       data     extern mc32f7361.asm
                    _ADRH   0x0001b4       data     extern mc32f7361.asm
                _ADRLbits   0x0001b5       data     extern mc32f7361.asm
                    _ADRL   0x0001b5       data     extern mc32f7361.asm
              _P0ADCRbits   0x0001b6       data     extern mc32f7361.asm
                  _P0ADCR   0x0001b6       data     extern mc32f7361.asm
              _P1ADCRbits   0x0001b7       data     extern mc32f7361.asm
                  _P1ADCR   0x0001b7       data     extern mc32f7361.asm
                _IOP2bits   0x0001b8       data     extern mc32f7361.asm
                    _IOP2   0x0001b8       data     extern mc32f7361.asm
                _OEP2bits   0x0001b9       data     extern mc32f7361.asm
                    _OEP2   0x0001b9       data     extern mc32f7361.asm
                _PUP2bits   0x0001ba       data     extern mc32f7361.asm
                    _PUP2   0x0001ba       data     extern mc32f7361.asm
                _PDP2bits   0x0001bb       data     extern mc32f7361.asm
                    _PDP2   0x0001bb       data     extern mc32f7361.asm
                _PMODbits   0x0001bc       data     extern mc32f7361.asm
                    _PMOD   0x0001bc       data     extern mc32f7361.asm
              _PWMCR3bits   0x0001bd       data     extern mc32f7361.asm
                  _PWMCR3   0x0001bd       data     extern mc32f7361.asm
              _PWMCR2bits   0x0001be       data     extern mc32f7361.asm
                  _PWMCR2   0x0001be       data     extern mc32f7361.asm
              _PFRCCRbits   0x0001c0       data     extern mc32f7361.asm
                  _PFRCCR   0x0001c0       data     extern mc32f7361.asm
             _PFRCCALbits   0x0001c1       data     extern mc32f7361.asm
                 _PFRCCAL   0x0001c1       data     extern mc32f7361.asm
                _EECRbits   0x0001c3       data     extern mc32f7361.asm
                    _EECR   0x0001c3       data     extern mc32f7361.asm
                _EEPRbits   0x0001c4       data     extern mc32f7361.asm
                    _EEPR   0x0001c4       data     extern mc32f7361.asm
                _EEARbits   0x0001c5       data     extern mc32f7361.asm
                    _EEAR   0x0001c5       data     extern mc32f7361.asm
               _EEDRHbits   0x0001c6       data     extern mc32f7361.asm
                   _EEDRH   0x0001c6       data     extern mc32f7361.asm
               _EEDRLbits   0x0001c7       data     extern mc32f7361.asm
                   _EEDRL   0x0001c7       data     extern mc32f7361.asm
               _DBGCRbits   0x0001f5       data     extern mc32f7361.asm
                   _DBGCR   0x0001f5       data     extern mc32f7361.asm
               _DBGPRbits   0x0001f6       data     extern mc32f7361.asm
                   _DBGPR   0x0001f6       data     extern mc32f7361.asm
             _HIRCCALbits   0x0001fc       data     extern mc32f7361.asm
                 _HIRCCAL   0x0001fc       data     extern mc32f7361.asm
                __gptrget   0x00066d    program     extern ../../libsdcc_mc32/_gptrget1.asm
               __gptrget1   0x00066d    program     extern ../../libsdcc_mc32/_gptrget1.asm
            __dataptrget1   0x000673    program     static ../../libsdcc_mc32/_gptrget1.asm
            __codeptrget1   0x000679    program     extern ../../libsdcc_mc32/_gptrget1.asm
               __gptrget2   0x00067f    program     extern ../../libsdcc_mc32/_gptrget2.asm
            __dataptrget2   0x000685    program     static ../../libsdcc_mc32/_gptrget2.asm
            __codeptrget2   0x000690    program     static ../../libsdcc_mc32/_gptrget2.asm
                  r0x1000   0x00003d       data     static _mulchar.asm
                  r0x1001   0x00003e       data     static _mulchar.asm
                  r0x1002   0x00003f       data     static _mulchar.asm
                  r0x1003   0x000040       data     static _mulchar.asm
                  r0x1004   0x000041       data     static _mulchar.asm
                __mulchar   0x00069b    program     extern _mulchar.asm
               _00119_DS_   0x0006a1    program     static _mulchar.asm
               _00114_DS_   0x0006a5    program     static _mulchar.asm
 
